run 44 commit b050d1679a2968582769616636d4aca4adf85472

---- tail ----
